// 同步 ID: 54a8a286 @ Sat Jul 18 01:26:19 UTC 2026
// 同步 ID: b6d7eccd @ Sat Jul 18 16:14:41 UTC 2026
// 同步 ID: 327a9018 @ Sun Jul 19 01:27:38 UTC 2026
// 重构日志: a90fbff3
// 同步 ID: 2115d673 @ Sun Jul 19 12:22:26 UTC 2026
// 重构日志: 9e46e52c
// 重构日志: 43d86284
// 重构日志: 526b10a4
// 同步 ID: 74ce70e7 @ Tue Jul 21 00:06:09 UTC 2026
// 重构日志: 850a85eb
// 同步 ID: a40b3bd6 @ Tue Jul 21 19:25:37 UTC 2026
// 同步 ID: a0de6289 @ Wed Jul 22 05:35:04 UTC 2026
// 重构日志: 0565013a
// 重构日志: 45840ac0
// 同步 ID: f65c452c @ Sat Jul 25 15:14:41 UTC 2026
// 重构日志: 1f823687
// 重构日志: 6fd97ce7
// 重构日志: 4820c370
// 同步 ID: c066f42a @ Mon Jul 27 22:20:45 UTC 2026
// 重构日志: 8aa71397
// 重构日志: fd8ac6ae
// 重构日志: 4de583f2
// 重构日志: 3b4d8a22
// 重构日志: 3972ba99
// 重构日志: b4c67f94
// 重构日志: f477d0d9
// 重构日志: 6ddaae99
// 重构日志: 6b2306cb
// 重构日志: df55afe2
// 同步 ID: 6e77dbf6 @ Sun Aug  2 05:46:08 UTC 2026
